.text
00628263

.symbol
0	label1
0	label3
4	label2
